127.0.0.1 - - [07/Jun/2023:09:27:32 +0900] "GET / HTTP/1.1" 404 807
0:0:0:0:0:0:0:1 - - [07/Jun/2023:09:27:34 +0900] "GET /jsp_study/studentController HTTP/1.1" 200 1606
0:0:0:0:0:0:0:1 - - [07/Jun/2023:09:27:34 +0900] "GET /favicon.ico HTTP/1.1" 404 818
0:0:0:0:0:0:0:1 - - [07/Jun/2023:09:27:36 +0900] "GET /jsp_study/studentController HTTP/1.1" 200 1606
0:0:0:0:0:0:0:1 - - [07/Jun/2023:09:27:43 +0900] "POST /jsp_study/studentController?action=insert HTTP/1.1" 200 1033
0:0:0:0:0:0:0:1 - - [07/Jun/2023:09:27:44 +0900] "GET /jsp_study/studentController HTTP/1.1" 200 1742
0:0:0:0:0:0:0:1 - - [07/Jun/2023:09:27:50 +0900] "POST /jsp_study/studentController?action=insert HTTP/1.1" 200 1033
0:0:0:0:0:0:0:1 - - [07/Jun/2023:09:27:51 +0900] "GET /jsp_study/studentController HTTP/1.1" 200 1841
0:0:0:0:0:0:0:1 - - [07/Jun/2023:09:28:13 +0900] "GET /jsp_study/studentController HTTP/1.1" 200 1841
0:0:0:0:0:0:0:1 - - [07/Jun/2023:09:28:14 +0900] "GET /jsp_study/studentController HTTP/1.1" 200 1841
0:0:0:0:0:0:0:1 - - [07/Jun/2023:09:28:17 +0900] "POST /jsp_study/studentController?action=delete HTTP/1.1" 200 1033
0:0:0:0:0:0:0:1 - - [07/Jun/2023:09:28:18 +0900] "GET /jsp_study/studentController HTTP/1.1" 200 1841
0:0:0:0:0:0:0:1 - - [07/Jun/2023:09:28:24 +0900] "POST /jsp_study/studentController?action=delete HTTP/1.1" 200 1033
0:0:0:0:0:0:0:1 - - [07/Jun/2023:09:28:26 +0900] "GET /jsp_study/studentController HTTP/1.1" 200 1841
127.0.0.1 - - [07/Jun/2023:09:29:08 +0900] "GET / HTTP/1.1" 404 807
0:0:0:0:0:0:0:1 - - [07/Jun/2023:09:29:14 +0900] "GET /jsp_study/studentController HTTP/1.1" 200 1841
0:0:0:0:0:0:0:1 - - [07/Jun/2023:09:29:18 +0900] "POST /jsp_study/studentController?action=delete HTTP/1.1" 200 1033
0:0:0:0:0:0:0:1 - - [07/Jun/2023:09:29:20 +0900] "GET /jsp_study/studentController HTTP/1.1" 200 1841
0:0:0:0:0:0:0:1 - - [07/Jun/2023:09:30:02 +0900] "GET /jsp_study/studentController HTTP/1.1" 200 1742
0:0:0:0:0:0:0:1 - - [07/Jun/2023:09:30:05 +0900] "POST /jsp_study/studentController?action=delete HTTP/1.1" 200 1033
0:0:0:0:0:0:0:1 - - [07/Jun/2023:09:30:06 +0900] "GET /jsp_study/studentController HTTP/1.1" 200 1598
0:0:0:0:0:0:0:1 - - [07/Jun/2023:09:33:52 +0900] "GET /jsp_study/studentController HTTP/1.1" 200 1598
127.0.0.1 - - [07/Jun/2023:10:15:46 +0900] "GET / HTTP/1.1" 404 807
0:0:0:0:0:0:0:1 - - [07/Jun/2023:10:15:47 +0900] "GET /jsp_study/ch08/quiz2/registList.jsp HTTP/1.1" 200 390
0:0:0:0:0:0:0:1 - - [07/Jun/2023:10:15:56 +0900] "GET /jsp_study/ch08/quiz2/registList.jsp HTTP/1.1" 200 390
0:0:0:0:0:0:0:1 - - [07/Jun/2023:10:15:56 +0900] "GET /jsp_study/ch08/quiz2/registList.jsp HTTP/1.1" 200 390
0:0:0:0:0:0:0:1 - - [07/Jun/2023:10:15:56 +0900] "GET /jsp_study/ch08/quiz2/registList.jsp HTTP/1.1" 200 390
0:0:0:0:0:0:0:1 - - [07/Jun/2023:10:15:57 +0900] "GET /jsp_study/ch08/quiz2/registList.jsp HTTP/1.1" 200 390
0:0:0:0:0:0:0:1 - - [07/Jun/2023:10:15:57 +0900] "GET /jsp_study/ch08/quiz2/registList.jsp HTTP/1.1" 200 390
127.0.0.1 - - [07/Jun/2023:10:25:49 +0900] "GET / HTTP/1.1" 404 807
0:0:0:0:0:0:0:1 - - [07/Jun/2023:10:25:49 +0900] "GET /jsp_study/servlet/ch08.quiz2.RegistController HTTP/1.1" 404 860
0:0:0:0:0:0:0:1 - - [07/Jun/2023:10:26:31 +0900] "GET /jsp_study/ch08/quiz2/registList.jsp HTTP/1.1" 200 390
0:0:0:0:0:0:0:1 - - [07/Jun/2023:10:26:42 +0900] "GET /jsp_study/servlet/ch08.quiz2.RegistController HTTP/1.1" 404 860
127.0.0.1 - - [07/Jun/2023:10:27:33 +0900] "GET / HTTP/1.1" 404 807
0:0:0:0:0:0:0:1 - - [07/Jun/2023:10:27:34 +0900] "GET /jsp_study/servlet/ch08.quiz2.RegistController HTTP/1.1" 404 860
127.0.0.1 - - [07/Jun/2023:10:27:56 +0900] "GET / HTTP/1.1" 404 807
0:0:0:0:0:0:0:1 - - [07/Jun/2023:10:27:58 +0900] "GET /jsp_study/registController2 HTTP/1.1" 500 4136
127.0.0.1 - - [07/Jun/2023:10:28:31 +0900] "GET / HTTP/1.1" 404 807
0:0:0:0:0:0:0:1 - - [07/Jun/2023:10:28:32 +0900] "GET /jsp_study/registController2 HTTP/1.1" 500 4127
0:0:0:0:0:0:0:1 - - [07/Jun/2023:10:29:11 +0900] "GET /jsp_study/registController2 HTTP/1.1" 500 4050
0:0:0:0:0:0:0:1 - - [07/Jun/2023:10:29:58 +0900] "GET /jsp_study/registController2 HTTP/1.1" 200 733
0:0:0:0:0:0:0:1 - - [07/Jun/2023:10:30:28 +0900] "GET /jsp_study/registController2 HTTP/1.1" 500 4040
127.0.0.1 - - [07/Jun/2023:10:31:31 +0900] "GET / HTTP/1.1" 404 807
0:0:0:0:0:0:0:1 - - [07/Jun/2023:10:31:33 +0900] "GET /jsp_study/registController2 HTTP/1.1" 500 4137
127.0.0.1 - - [07/Jun/2023:10:37:39 +0900] "GET / HTTP/1.1" 404 807
0:0:0:0:0:0:0:1 - - [07/Jun/2023:10:37:39 +0900] "GET /jsp_study/registController HTTP/1.1" 200 940
0:0:0:0:0:0:0:1 - - [07/Jun/2023:10:37:42 +0900] "GET /jsp_study/registController?action=info&id=101 HTTP/1.1" 200 412
0:0:0:0:0:0:0:1 - - [07/Jun/2023:10:37:44 +0900] "GET /jsp_study/registController HTTP/1.1" 200 940
0:0:0:0:0:0:0:1 - - [07/Jun/2023:10:40:38 +0900] "GET /jsp_study/registController HTTP/1.1" 200 940
0:0:0:0:0:0:0:1 - - [07/Jun/2023:10:40:46 +0900] "GET /jsp_study/registController HTTP/1.1" 200 940
0:0:0:0:0:0:0:1 - - [07/Jun/2023:10:40:53 +0900] "GET /jsp_study/registController2 HTTP/1.1" 500 4137
0:0:0:0:0:0:0:1 - - [07/Jun/2023:10:42:18 +0900] "GET /jsp_study/registController2 HTTP/1.1" 200 1103
0:0:0:0:0:0:0:1 - - [07/Jun/2023:10:42:59 +0900] "GET /jsp_study/registController2 HTTP/1.1" 500 4145
0:0:0:0:0:0:0:1 - - [07/Jun/2023:10:43:50 +0900] "GET /jsp_study/registController2 HTTP/1.1" 500 4145
0:0:0:0:0:0:0:1 - - [07/Jun/2023:10:46:03 +0900] "GET /jsp_study/registController2 HTTP/1.1" 200 1355
0:0:0:0:0:0:0:1 - - [07/Jun/2023:10:46:09 +0900] "GET /jsp_study/registController2 HTTP/1.1" 200 1355
0:0:0:0:0:0:0:1 - - [07/Jun/2023:10:46:37 +0900] "GET /jsp_study/registController2 HTTP/1.1" 200 1361
0:0:0:0:0:0:0:1 - - [07/Jun/2023:10:48:33 +0900] "GET /jsp_study/registController2 HTTP/1.1" 200 1361
0:0:0:0:0:0:0:1 - - [07/Jun/2023:10:48:47 +0900] "GET /jsp_study/ch08/quiz2/registList2.jsp HTTP/1.1" 200 826
0:0:0:0:0:0:0:1 - - [07/Jun/2023:10:48:51 +0900] "GET /jsp_study/registController2 HTTP/1.1" 500 4147
0:0:0:0:0:0:0:1 - - [07/Jun/2023:10:50:19 +0900] "GET /jsp_study/registController2 HTTP/1.1" 500 4147
0:0:0:0:0:0:0:1 - - [07/Jun/2023:10:50:31 +0900] "GET /jsp_study/registController2 HTTP/1.1" 200 1361
127.0.0.1 - - [07/Jun/2023:10:53:27 +0900] "GET / HTTP/1.1" 404 807
0:0:0:0:0:0:0:1 - - [07/Jun/2023:10:53:28 +0900] "GET /jsp_study/registController2 HTTP/1.1" 500 4147
0:0:0:0:0:0:0:1 - - [07/Jun/2023:10:53:59 +0900] "POST /jsp_study/studentController2?action=insert HTTP/1.1" 404 839
127.0.0.1 - - [07/Jun/2023:10:55:44 +0900] "GET / HTTP/1.1" 404 807
0:0:0:0:0:0:0:1 - - [07/Jun/2023:10:55:46 +0900] "GET /jsp_study/registController2 HTTP/1.1" 500 4147
0:0:0:0:0:0:0:1 - - [07/Jun/2023:10:55:51 +0900] "POST /jsp_study/studentController2?action=insert HTTP/1.1" 404 839
0:0:0:0:0:0:0:1 - - [07/Jun/2023:10:56:23 +0900] "GET /jsp_study/registController2 HTTP/1.1" 200 1421
0:0:0:0:0:0:0:1 - - [07/Jun/2023:10:56:26 +0900] "GET /jsp_study/registController2 HTTP/1.1" 200 1421
0:0:0:0:0:0:0:1 - - [07/Jun/2023:10:56:27 +0900] "GET /jsp_study/registController2 HTTP/1.1" 200 1421
0:0:0:0:0:0:0:1 - - [07/Jun/2023:10:56:35 +0900] "POST /jsp_study/studentController2?action=insert HTTP/1.1" 404 839
127.0.0.1 - - [07/Jun/2023:10:57:40 +0900] "GET / HTTP/1.1" 404 807
0:0:0:0:0:0:0:1 - - [07/Jun/2023:10:57:41 +0900] "GET /jsp_study/registController2 HTTP/1.1" 200 1421
127.0.0.1 - - [07/Jun/2023:10:59:40 +0900] "GET / HTTP/1.1" 404 807
0:0:0:0:0:0:0:1 - - [07/Jun/2023:10:59:41 +0900] "GET /jsp_study/registController2 HTTP/1.1" 200 1421
0:0:0:0:0:0:0:1 - - [07/Jun/2023:11:00:08 +0900] "GET /jsp_study/registController2 HTTP/1.1" 500 4147
0:0:0:0:0:0:0:1 - - [07/Jun/2023:11:02:12 +0900] "GET /jsp_study/WEB-INF/classes/ch08/quiz2/RegistDAO2.java HTTP/1.1" 404 721
0:0:0:0:0:0:0:1 - - [07/Jun/2023:11:02:23 +0900] "GET /jsp_study/registController2 HTTP/1.1" 500 4147
0:0:0:0:0:0:0:1 - - [07/Jun/2023:11:03:29 +0900] "GET /jsp_study/registController2 HTTP/1.1" 500 4147
0:0:0:0:0:0:0:1 - - [07/Jun/2023:11:04:05 +0900] "GET /jsp_study/registController2 HTTP/1.1" 200 1421
0:0:0:0:0:0:0:1 - - [07/Jun/2023:11:04:52 +0900] "GET /jsp_study/registController2 HTTP/1.1" 500 4147
0:0:0:0:0:0:0:1 - - [07/Jun/2023:11:06:06 +0900] "GET /jsp_study/registController2 HTTP/1.1" 500 4173
127.0.0.1 - - [07/Jun/2023:11:07:54 +0900] "GET / HTTP/1.1" 404 807
0:0:0:0:0:0:0:1 - - [07/Jun/2023:11:07:55 +0900] "GET /jsp_study/registController2 HTTP/1.1" 500 4163
127.0.0.1 - - [07/Jun/2023:11:10:35 +0900] "GET / HTTP/1.1" 404 807
0:0:0:0:0:0:0:1 - - [07/Jun/2023:11:10:36 +0900] "GET /jsp_study/registController2 HTTP/1.1" 200 1280
0:0:0:0:0:0:0:1 - - [07/Jun/2023:11:10:51 +0900] "GET /jsp_study/registController2 HTTP/1.1" 200 1445
0:0:0:0:0:0:0:1 - - [07/Jun/2023:11:10:52 +0900] "GET /jsp_study/registController2?action=info&id=101 HTTP/1.1" 500 3629
0:0:0:0:0:0:0:1 - - [07/Jun/2023:11:11:26 +0900] "POST /jsp_study/studentController2?action=insert HTTP/1.1" 404 839
127.0.0.1 - - [07/Jun/2023:11:13:31 +0900] "GET / HTTP/1.1" 404 807
0:0:0:0:0:0:0:1 - - [07/Jun/2023:11:13:32 +0900] "GET /jsp_study/registController2 HTTP/1.1" 200 1445
0:0:0:0:0:0:0:1 - - [07/Jun/2023:11:13:39 +0900] "POST /jsp_study/studentController2?action=insert HTTP/1.1" 404 839
0:0:0:0:0:0:0:1 - - [07/Jun/2023:11:14:08 +0900] "GET /jsp_study/registController2 HTTP/1.1" 200 1445
0:0:0:0:0:0:0:1 - - [07/Jun/2023:11:14:16 +0900] "GET /jsp_study/registController2?action=info&id=101 HTTP/1.1" 500 3619
127.0.0.1 - - [07/Jun/2023:11:18:00 +0900] "GET / HTTP/1.1" 404 807
0:0:0:0:0:0:0:1 - - [07/Jun/2023:11:18:01 +0900] "GET /jsp_study/registController2 HTTP/1.1" 200 1445
0:0:0:0:0:0:0:1 - - [07/Jun/2023:11:18:02 +0900] "GET /jsp_study/registController2?action=info&id=101 HTTP/1.1" 500 3619
127.0.0.1 - - [07/Jun/2023:11:18:31 +0900] "GET / HTTP/1.1" 404 807
0:0:0:0:0:0:0:1 - - [07/Jun/2023:11:18:32 +0900] "GET /jsp_study/registController2 HTTP/1.1" 200 1445
0:0:0:0:0:0:0:1 - - [07/Jun/2023:11:18:33 +0900] "GET /jsp_study/registController2?action=info&id=101 HTTP/1.1" 500 3619
0:0:0:0:0:0:0:1 - - [07/Jun/2023:11:18:50 +0900] "GET /jsp_study/registController2 HTTP/1.1" 200 1445
0:0:0:0:0:0:0:1 - - [07/Jun/2023:11:18:52 +0900] "GET /jsp_study/registController2?action=info&id=101 HTTP/1.1" 500 3650
127.0.0.1 - - [07/Jun/2023:11:21:11 +0900] "GET / HTTP/1.1" 404 807
0:0:0:0:0:0:0:1 - - [07/Jun/2023:11:21:12 +0900] "GET /jsp_study/registController2 HTTP/1.1" 200 1445
0:0:0:0:0:0:0:1 - - [07/Jun/2023:11:21:12 +0900] "GET /jsp_study/registController2 HTTP/1.1" 200 1445
0:0:0:0:0:0:0:1 - - [07/Jun/2023:11:21:19 +0900] "GET /jsp_study/registController2?action=info&id=101 HTTP/1.1" 200 380
0:0:0:0:0:0:0:1 - - [07/Jun/2023:11:22:27 +0900] "GET /jsp_study/registController2 HTTP/1.1" 200 1445
127.0.0.1 - - [07/Jun/2023:11:22:51 +0900] "GET / HTTP/1.1" 404 807
0:0:0:0:0:0:0:1 - - [07/Jun/2023:11:22:52 +0900] "GET /jsp_study/registController2 HTTP/1.1" 200 1445
0:0:0:0:0:0:0:1 - - [07/Jun/2023:11:22:53 +0900] "GET /jsp_study/registController2?action=info&id=101 HTTP/1.1" 200 380
127.0.0.1 - - [07/Jun/2023:11:26:30 +0900] "GET / HTTP/1.1" 404 807
0:0:0:0:0:0:0:1 - - [07/Jun/2023:11:26:31 +0900] "GET /jsp_study/registController2 HTTP/1.1" 200 1445
0:0:0:0:0:0:0:1 - - [07/Jun/2023:11:26:32 +0900] "GET /jsp_study/registController2?action=info&id=101 HTTP/1.1" 200 380
127.0.0.1 - - [07/Jun/2023:11:30:40 +0900] "GET / HTTP/1.1" 404 807
0:0:0:0:0:0:0:1 - - [07/Jun/2023:11:30:41 +0900] "GET /jsp_study/registController2 HTTP/1.1" 200 1445
0:0:0:0:0:0:0:1 - - [07/Jun/2023:11:30:42 +0900] "GET /jsp_study/registController2?action=info&id=102 HTTP/1.1" 500 3619
0:0:0:0:0:0:0:1 - - [07/Jun/2023:11:30:51 +0900] "GET /jsp_study/registController2 HTTP/1.1" 200 1445
0:0:0:0:0:0:0:1 - - [07/Jun/2023:11:30:52 +0900] "POST /jsp_study/studentController2?action=insert HTTP/1.1" 404 839
127.0.0.1 - - [07/Jun/2023:11:34:27 +0900] "GET / HTTP/1.1" 404 807
0:0:0:0:0:0:0:1 - - [07/Jun/2023:11:34:29 +0900] "GET /jsp_study/registController2 HTTP/1.1" 200 1445
0:0:0:0:0:0:0:1 - - [07/Jun/2023:11:34:30 +0900] "GET /jsp_study/registController2?action=info&id=103 HTTP/1.1" 500 3619
127.0.0.1 - - [07/Jun/2023:11:39:29 +0900] "GET / HTTP/1.1" 404 807
0:0:0:0:0:0:0:1 - - [07/Jun/2023:11:39:29 +0900] "GET /jsp_study/servlet/ch08.quiz3.RegistController2 HTTP/1.1" 404 861
0:0:0:0:0:0:0:1 - - [07/Jun/2023:11:39:45 +0900] "GET /jsp_study/servlet/ch08.quiz3.RegistController2 HTTP/1.1" 404 861
0:0:0:0:0:0:0:1 - - [07/Jun/2023:11:40:11 +0900] "GET /jsp_study/servlet/ch08.quiz3.RegistController2 HTTP/1.1" 404 861
127.0.0.1 - - [07/Jun/2023:11:41:29 +0900] "GET / HTTP/1.1" 404 807
0:0:0:0:0:0:0:1 - - [07/Jun/2023:11:41:29 +0900] "GET /jsp_study/servlet/ch08.quiz3.RegistController2 HTTP/1.1" 404 861
127.0.0.1 - - [07/Jun/2023:11:41:45 +0900] "GET / HTTP/1.1" 404 807
0:0:0:0:0:0:0:1 - - [07/Jun/2023:11:41:46 +0900] "GET /jsp_study/registController3 HTTP/1.1" 404 826
127.0.0.1 - - [07/Jun/2023:11:42:22 +0900] "GET / HTTP/1.1" 404 807
0:0:0:0:0:0:0:1 - - [07/Jun/2023:11:42:24 +0900] "GET /jsp_study/registController3 HTTP/1.1" 200 1445
0:0:0:0:0:0:0:1 - - [07/Jun/2023:11:42:26 +0900] "GET /jsp_study/registController3?action=info&id=101 HTTP/1.1" 500 3629
127.0.0.1 - - [07/Jun/2023:11:42:39 +0900] "GET / HTTP/1.1" 404 807
0:0:0:0:0:0:0:1 - - [07/Jun/2023:11:42:40 +0900] "GET /jsp_study/registController3 HTTP/1.1" 200 1445
0:0:0:0:0:0:0:1 - - [07/Jun/2023:11:42:45 +0900] "GET /jsp_study/registController3 HTTP/1.1" 200 1445
0:0:0:0:0:0:0:1 - - [07/Jun/2023:11:42:53 +0900] "POST /jsp_study/studentController3?action=insert HTTP/1.1" 404 839
127.0.0.1 - - [07/Jun/2023:11:45:25 +0900] "GET / HTTP/1.1" 404 807
0:0:0:0:0:0:0:1 - - [07/Jun/2023:11:45:26 +0900] "GET /jsp_study/registController3 HTTP/1.1" 200 1445
0:0:0:0:0:0:0:1 - - [07/Jun/2023:11:45:27 +0900] "POST /jsp_study/studentController3?action=insert HTTP/1.1" 404 839
0:0:0:0:0:0:0:1 - - [07/Jun/2023:11:45:35 +0900] "POST /jsp_study/studentController3?action=insert HTTP/1.1" 404 839
0:0:0:0:0:0:0:1 - - [07/Jun/2023:11:46:48 +0900] "POST /jsp_study/studentController3?action=insert HTTP/1.1" 404 839
0:0:0:0:0:0:0:1 - - [07/Jun/2023:11:47:54 +0900] "GET /jsp_study/registController3 HTTP/1.1" 200 1444
0:0:0:0:0:0:0:1 - - [07/Jun/2023:11:47:59 +0900] "POST /jsp_study/registController3?action=insert HTTP/1.1" 200 885
0:0:0:0:0:0:0:1 - - [07/Jun/2023:11:48:00 +0900] "GET /jsp_study/registController3 HTTP/1.1" 200 1640
0:0:0:0:0:0:0:1 - - [07/Jun/2023:11:48:32 +0900] "GET /jsp_study/registController3 HTTP/1.1" 200 1640
0:0:0:0:0:0:0:1 - - [07/Jun/2023:11:48:43 +0900] "POST /jsp_study/registController3?action=insert HTTP/1.1" 200 885
0:0:0:0:0:0:0:1 - - [07/Jun/2023:11:48:45 +0900] "GET /jsp_study/registController3 HTTP/1.1" 200 1827
0:0:0:0:0:0:0:1 - - [07/Jun/2023:11:48:46 +0900] "GET /jsp_study/registController3?action=info&id=105 HTTP/1.1" 500 3619
127.0.0.1 - - [07/Jun/2023:11:51:59 +0900] "GET / HTTP/1.1" 404 807
0:0:0:0:0:0:0:1 - - [07/Jun/2023:11:52:00 +0900] "GET /jsp_study/registController3 HTTP/1.1" 200 1827
0:0:0:0:0:0:0:1 - - [07/Jun/2023:11:52:01 +0900] "GET /jsp_study/registController3?action=info&id=102 HTTP/1.1" 200 380
0:0:0:0:0:0:0:1 - - [07/Jun/2023:11:52:20 +0900] "GET /jsp_study/registController3 HTTP/1.1" 200 1827
127.0.0.1 - - [07/Jun/2023:12:00:53 +0900] "GET / HTTP/1.1" 404 807
0:0:0:0:0:0:0:1 - - [07/Jun/2023:12:00:54 +0900] "GET /jsp_study/registController3 HTTP/1.1" 200 1827
0:0:0:0:0:0:0:1 - - [07/Jun/2023:12:00:56 +0900] "GET /jsp_study/registController3?action=info&id=102 HTTP/1.1" 200 417
0:0:0:0:0:0:0:1 - - [07/Jun/2023:12:01:07 +0900] "GET /jsp_study/registController3 HTTP/1.1" 200 1827
0:0:0:0:0:0:0:1 - - [07/Jun/2023:12:01:08 +0900] "GET /jsp_study/registController3?action=info&id=101 HTTP/1.1" 200 419
0:0:0:0:0:0:0:1 - - [07/Jun/2023:12:01:09 +0900] "GET /jsp_study/registController3 HTTP/1.1" 200 1827
0:0:0:0:0:0:0:1 - - [07/Jun/2023:12:01:10 +0900] "GET /jsp_study/registController3?action=info&id=105 HTTP/1.1" 200 417
0:0:0:0:0:0:0:1 - - [07/Jun/2023:12:01:11 +0900] "GET /jsp_study/registController3 HTTP/1.1" 200 1827
0:0:0:0:0:0:0:1 - - [07/Jun/2023:12:10:58 +0900] "GET /jsp_study/registController3?action=info&id=103 HTTP/1.1" 200 413
0:0:0:0:0:0:0:1 - - [07/Jun/2023:12:13:26 +0900] "GET /jsp_study/registController3?action=info&id=101 HTTP/1.1" 200 379
127.0.0.1 - - [07/Jun/2023:12:13:36 +0900] "GET / HTTP/1.1" 404 807
0:0:0:0:0:0:0:1 - - [07/Jun/2023:12:13:37 +0900] "GET /jsp_study/registController3 HTTP/1.1" 200 1827
0:0:0:0:0:0:0:1 - - [07/Jun/2023:12:13:44 +0900] "GET /jsp_study/registController3?action=info&id=103 HTTP/1.1" 200 413
0:0:0:0:0:0:0:1 - - [07/Jun/2023:12:13:47 +0900] "GET /jsp_study/registController3?action=info&id=103 HTTP/1.1" 200 413
0:0:0:0:0:0:0:1 - - [07/Jun/2023:12:13:49 +0900] "GET /jsp_study/registController3?action=info&id=103 HTTP/1.1" 200 413
0:0:0:0:0:0:0:1 - - [07/Jun/2023:12:13:52 +0900] "GET /jsp_study/registController3?action=info&id=101 HTTP/1.1" 200 419
0:0:0:0:0:0:0:1 - - [07/Jun/2023:12:13:54 +0900] "GET /jsp_study/registController3?action=info&id=102 HTTP/1.1" 200 417
0:0:0:0:0:0:0:1 - - [07/Jun/2023:12:14:20 +0900] "GET /jsp_study/registController3?action=info&id=105 HTTP/1.1" 200 417
127.0.0.1 - - [07/Jun/2023:12:16:18 +0900] "GET / HTTP/1.1" 404 807
0:0:0:0:0:0:0:1 - - [07/Jun/2023:12:16:19 +0900] "GET /jsp_study/registController3 HTTP/1.1" 200 1827
0:0:0:0:0:0:0:1 - - [07/Jun/2023:12:16:20 +0900] "GET /jsp_study/registController3?action=info&id=101 HTTP/1.1" 200 419
0:0:0:0:0:0:0:1 - - [07/Jun/2023:12:16:22 +0900] "GET /jsp_study/registController3?action=info&id=105 HTTP/1.1" 200 417
0:0:0:0:0:0:0:1 - - [07/Jun/2023:12:16:49 +0900] "GET /jsp_study/registController3 HTTP/1.1" 200 1444
0:0:0:0:0:0:0:1 - - [07/Jun/2023:12:16:50 +0900] "GET /jsp_study/registController3?action=info&id=101 HTTP/1.1" 200 419
0:0:0:0:0:0:0:1 - - [07/Jun/2023:12:16:52 +0900] "GET /jsp_study/registController3?action=info&id=102 HTTP/1.1" 200 417
0:0:0:0:0:0:0:1 - - [07/Jun/2023:12:16:54 +0900] "GET /jsp_study/registController3?action=info&id=103 HTTP/1.1" 200 413
0:0:0:0:0:0:0:1 - - [07/Jun/2023:12:17:01 +0900] "POST /jsp_study/registController3?action=insert HTTP/1.1" 200 885
0:0:0:0:0:0:0:1 - - [07/Jun/2023:12:17:02 +0900] "GET /jsp_study/registController3 HTTP/1.1" 200 1631
0:0:0:0:0:0:0:1 - - [07/Jun/2023:12:17:03 +0900] "GET /jsp_study/registController3?action=info&id=104 HTTP/1.1" 200 417
0:0:0:0:0:0:0:1 - - [07/Jun/2023:12:19:39 +0900] "POST /jsp_study/registController3?action=insert HTTP/1.1" 200 885
0:0:0:0:0:0:0:1 - - [07/Jun/2023:12:19:40 +0900] "GET /jsp_study/registController3 HTTP/1.1" 200 1798
0:0:0:0:0:0:0:1 - - [07/Jun/2023:12:25:58 +0900] "GET /jsp_study/registController3?action=info&id=102 HTTP/1.1" 200 417
0:0:0:0:0:0:0:1 - - [07/Jun/2023:12:29:57 +0900] "GET /jsp_study/registController3 HTTP/1.1" 200 1798
0:0:0:0:0:0:0:1 - - [07/Jun/2023:12:29:58 +0900] "GET /jsp_study/registController3?action=info&id=105 HTTP/1.1" 200 397
0:0:0:0:0:0:0:1 - - [07/Jun/2023:12:30:00 +0900] "GET /jsp_study/registController3 HTTP/1.1" 200 1798
0:0:0:0:0:0:0:1 - - [07/Jun/2023:12:30:02 +0900] "GET /jsp_study/registController3 HTTP/1.1" 200 1798
0:0:0:0:0:0:0:1 - - [07/Jun/2023:12:30:02 +0900] "GET /jsp_study/registController3 HTTP/1.1" 200 1798
0:0:0:0:0:0:0:1 - - [07/Jun/2023:12:30:02 +0900] "GET /jsp_study/registController3 HTTP/1.1" 200 1798
0:0:0:0:0:0:0:1 - - [07/Jun/2023:12:30:03 +0900] "GET /jsp_study/registController3 HTTP/1.1" 200 1798
0:0:0:0:0:0:0:1 - - [07/Jun/2023:12:30:03 +0900] "GET /jsp_study/registController3 HTTP/1.1" 200 1798
0:0:0:0:0:0:0:1 - - [07/Jun/2023:12:30:03 +0900] "GET /jsp_study/registController3 HTTP/1.1" 200 1798
0:0:0:0:0:0:0:1 - - [07/Jun/2023:12:30:37 +0900] "GET /jsp_study/registController3?action=info&id=101 HTTP/1.1" 200 419
127.0.0.1 - - [07/Jun/2023:12:50:53 +0900] "GET / HTTP/1.1" 404 807
0:0:0:0:0:0:0:1 - - [07/Jun/2023:12:50:54 +0900] "GET /jsp_study/studentController HTTP/1.1" 200 1606
0:0:0:0:0:0:0:1 - - [07/Jun/2023:12:51:02 +0900] "POST /jsp_study/studentController?action=insert HTTP/1.1" 200 1033
0:0:0:0:0:0:0:1 - - [07/Jun/2023:12:51:03 +0900] "GET /jsp_study/studentController HTTP/1.1" 200 1745
0:0:0:0:0:0:0:1 - - [07/Jun/2023:12:51:09 +0900] "POST /jsp_study/studentController?action=delete HTTP/1.1" 200 1033
0:0:0:0:0:0:0:1 - - [07/Jun/2023:12:51:11 +0900] "GET /jsp_study/studentController HTTP/1.1" 200 1606
0:0:0:0:0:0:0:1 - - [07/Jun/2023:14:02:21 +0900] "GET /jsp_study/studentController HTTP/1.1" 200 1606
0:0:0:0:0:0:0:1 - - [07/Jun/2023:14:05:09 +0900] "GET /jsp_study/studentController HTTP/1.1" 200 1642
0:0:0:0:0:0:0:1 - - [07/Jun/2023:14:05:39 +0900] "POST /jsp_study/studentController?action=delete HTTP/1.1" 200 1069
0:0:0:0:0:0:0:1 - - [07/Jun/2023:14:05:40 +0900] "GET /jsp_study/studentController HTTP/1.1" 200 1642
0:0:0:0:0:0:0:1 - - [07/Jun/2023:14:05:42 +0900] "POST /jsp_study/studentController?action=delete HTTP/1.1" 200 1069
0:0:0:0:0:0:0:1 - - [07/Jun/2023:14:05:43 +0900] "GET /jsp_study/studentController HTTP/1.1" 200 1642
0:0:0:0:0:0:0:1 - - [07/Jun/2023:14:05:51 +0900] "POST /jsp_study/studentController?action=delete HTTP/1.1" 200 1069
0:0:0:0:0:0:0:1 - - [07/Jun/2023:14:05:52 +0900] "GET /jsp_study/studentController HTTP/1.1" 200 1498
